seqdiag {
autonumber = True;
 activation = none;
a;
b;
c;
d;
a -> b[];
b -> c[];
c -> d[];
}
