blockdiag{
 default_fontsize = 14
  orientation=landscape
  r;
  y;
  splita;
  splitb;
  r -> y;
  y -> splita;
  y -> splitb;
}
