blockdiag{
 default_fontsize = 14
  orientation=landscape
  group "label tassa"{
    color="#ff0000" 
    label="label tassa" 
    joku1;
    joku2;
  }
  group "label tassa"{
    color="#00ff00" 
    label="label tassa" 
    toinen1;
    toinen2;
  }
  joku1 -> toinen1[label = "node to node"];
  joku2 -> toinen[label = "node to group"];
}
