{
   "GraphCanvas": {
      "CONTAINER_EXIT": 6,
      "CURRENTCONTAINER": "...GraphCanvas",
      "GROUPIDS": 6,
      "SUBGRAPHS": 1,
      "VARIABLES": {
         "Object": {
            "gen": "#ccffcc",
            "par": "#ccccff"
         }
      },
      "_EDGES": [
         {
            "GraphEdge": {
               "color": "#0000ff",
               "container": null,
               "edgeType": ".>",
               "label": "extends(GraphObject->GNode)",
               "left": "GraphObject",
               "right": "GNode"
            }
         },
         {
            "GraphEdge": {
               "color": "#0000ff",
               "container": null,
               "edgeType": ".>",
               "label": "extends(GraphObject->GraphRoot)",
               "left": "GraphObject",
               "right": "GraphRoot"
            }
         },
         {
            "GraphEdge": {
               "color": "#0000ff",
               "container": null,
               "edgeType": ".>",
               "label": "extends(GraphObject->xGroup)",
               "left": "GraphObject",
               "right": "xGroup"
            }
         },
         {
            "GraphEdge": {
               "color": "#0000ff",
               "container": null,
               "edgeType": ".>",
               "label": "extends::extends(GraphObject->Link)",
               "left": "GraphObject",
               "right": "Link"
            }
         },
         {
            "GraphEdge": {
               "color": "#00ff00",
               "container": null,
               "edgeType": "<->",
               "label": "links",
               "left": "left",
               "right": "GNode"
            }
         },
         {
            "GraphEdge": {
               "color": "#00ff00",
               "container": null,
               "edgeType": "<->",
               "label": "links",
               "left": "left",
               "right": "xGroup"
            }
         },
         {
            "GraphEdge": {
               "color": "#00ff00",
               "container": null,
               "edgeType": "<->",
               "label": "links",
               "left": "right",
               "right": "GNode"
            }
         },
         {
            "GraphEdge": {
               "color": "#00ff00",
               "container": null,
               "edgeType": "<->",
               "label": "links",
               "left": "right",
               "right": "xGroup"
            }
         },
         {
            "GraphEdge": {
               "color": "#ff0000",
               "container": null,
               "edgeType": ">",
               "label": "contains",
               "left": "OBJECTS1",
               "right": "GNode"
            }
         },
         {
            "GraphEdge": {
               "color": "#ff0000",
               "container": null,
               "edgeType": ">",
               "label": "contains",
               "left": "OBJECTS1",
               "right": "xGroup"
            }
         },
         {
            "GraphEdge": {
               "color": "#ff0000",
               "container": null,
               "edgeType": ">",
               "label": "contains",
               "left": "OBJECTS2",
               "right": "GNode"
            }
         },
         {
            "GraphEdge": {
               "color": "#ff0000",
               "container": null,
               "edgeType": ">",
               "label": "contains",
               "left": "OBJECTS2",
               "right": "xGroup"
            }
         }
      ],
      "_OBJECTS": [
         {
            "GraphGroup": {
               "_OBJECTS": [
                  {
                     "GraphReference": {
                        "name": "color"
                     }
                  },
                  {
                     "GraphVertex": {
                        "_noedges": true,
                        "label": "shape",
                        "name": "xShape"
                     }
                  },
                  {
                     "GraphVertex": {
                        "_noedges": true,
                        "name": "image"
                     }
                  },
                  {
                     "GraphVertex": {
                        "_noedges": true,
                        "name": "style"
                     }
                  }
               ],
               "_ROOTVERTICES": [
                  {
                     "GraphReference": {
                        "name": "color"
                     }
                  },
                  {
                     "GraphVertex": {
                        "_noedges": true,
                        "label": "shape",
                        "name": "xShape"
                     }
                  },
                  {
                     "GraphVertex": {
                        "_noedges": true,
                        "name": "image"
                     }
                  },
                  {
                     "GraphVertex": {
                        "_noedges": true,
                        "name": "style"
                     }
                  }
               ],
               "equal": [],
               "exitvertex": 4,
               "isInnerGraph": false,
               "label": "Node:GraphObject",
               "name": "GNode"
            }
         },
         {
            "GraphGroup": {
               "_OBJECTS": [
                  {
                     "GraphReference": {
                        "name": "name"
                     }
                  },
                  {
                     "GraphVertex": {
                        "_noedges": true,
                        "label": "OBJECTS",
                        "name": "OBJECTS2",
                        "shape": "database"
                     }
                  },
                  {
                     "GraphVertex": {
                        "_noedges": true,
                        "label": "equal",
                        "name": "equal2"
                     }
                  }
               ],
               "_ROOTVERTICES": [
                  {
                     "GraphReference": {
                        "name": "name"
                     }
                  },
                  {
                     "GraphVertex": {
                        "_noedges": true,
                        "label": "OBJECTS",
                        "name": "OBJECTS2",
                        "shape": "database"
                     }
                  },
                  {
                     "GraphVertex": {
                        "_noedges": true,
                        "label": "equal",
                        "name": "equal2"
                     }
                  }
               ],
               "equal": [],
               "exitvertex": 3,
               "isInnerGraph": false,
               "label": "Group:GraphObject",
               "name": "xGroup"
            }
         },
         {
            "GraphGroup": {
               "_OBJECTS": [
                  {
                     "GraphVertex": {
                        "_noedges": true,
                        "color": "#ccccff",
                        "label": "label\nspecial syntax with :: for links\n(label::xlabel)",
                        "name": "label",
                        "textcolor": "#ff0000"
                     }
                  },
                  {
                     "GraphVertex": {
                        "_noedges": true,
                        "color": "#ccccff",
                        "name": "color"
                     }
                  },
                  {
                     "GraphVertex": {
                        "_noedges": true,
                        "color": "#ccccff",
                        "name": "name"
                     }
                  },
                  {
                     "GraphVertex": {
                        "_noedges": true,
                        "color": "#ccccff",
                        "name": "textColor"
                     }
                  }
               ],
               "_ROOTVERTICES": [
                  {
                     "GraphVertex": {
                        "_noedges": true,
                        "color": "#ccccff",
                        "label": "label\nspecial syntax with :: for links\n(label::xlabel)",
                        "name": "label",
                        "textcolor": "#ff0000"
                     }
                  },
                  {
                     "GraphVertex": {
                        "_noedges": true,
                        "color": "#ccccff",
                        "name": "color"
                     }
                  },
                  {
                     "GraphVertex": {
                        "_noedges": true,
                        "color": "#ccccff",
                        "name": "name"
                     }
                  },
                  {
                     "GraphVertex": {
                        "_noedges": true,
                        "color": "#ccccff",
                        "name": "textColor"
                     }
                  }
               ],
               "equal": [],
               "exitvertex": 1,
               "isInnerGraph": false,
               "label": "GraphObject",
               "name": "GraphObject"
            }
         },
         {
            "GraphGroup": {
               "_OBJECTS": [
                  {
                     "GraphVertex": {
                        "_noedges": true,
                        "color": "#ccffcc",
                        "label": "equal",
                        "name": "xEqual"
                     }
                  },
                  {
                     "GraphVertex": {
                        "_noedges": true,
                        "color": "#ccffcc",
                        "label": "generator",
                        "name": "xGenerator"
                     }
                  },
                  {
                     "GraphVertex": {
                        "_noedges": true,
                        "color": "#ccffcc",
                        "label": "start",
                        "name": "xStart"
                     }
                  },
                  {
                     "GraphVertex": {
                        "_noedges": true,
                        "color": "#ccffcc",
                        "label": "visualizer",
                        "name": "xVisualizer"
                     }
                  },
                  {
                     "GraphVertex": {
                        "_noedges": true,
                        "color": "#ccffcc",
                        "name": "direction"
                     }
                  },
                  {
                     "GraphVertex": {
                        "_noedges": true,
                        "label": "OBJECTS",
                        "name": "OBJECTS1",
                        "shape": "database"
                     }
                  },
                  {
                     "GraphVertex": {
                        "_noedges": true,
                        "label": "default\nnodecolor\ngroupcolor\nlinkcolor",
                        "name": "default2"
                     }
                  },
                  {
                     "GraphVertex": {
                        "_noedges": true,
                        "name": "currentShape"
                     }
                  }
               ],
               "_ROOTVERTICES": [
                  {
                     "GraphVertex": {
                        "_noedges": true,
                        "color": "#ccffcc",
                        "label": "equal",
                        "name": "xEqual"
                     }
                  },
                  {
                     "GraphVertex": {
                        "_noedges": true,
                        "color": "#ccffcc",
                        "label": "generator",
                        "name": "xGenerator"
                     }
                  },
                  {
                     "GraphVertex": {
                        "_noedges": true,
                        "color": "#ccffcc",
                        "label": "start",
                        "name": "xStart"
                     }
                  },
                  {
                     "GraphVertex": {
                        "_noedges": true,
                        "color": "#ccffcc",
                        "label": "visualizer",
                        "name": "xVisualizer"
                     }
                  },
                  {
                     "GraphVertex": {
                        "_noedges": true,
                        "color": "#ccffcc",
                        "name": "direction"
                     }
                  },
                  {
                     "GraphVertex": {
                        "_noedges": true,
                        "label": "OBJECTS",
                        "name": "OBJECTS1",
                        "shape": "database"
                     }
                  },
                  {
                     "GraphVertex": {
                        "_noedges": true,
                        "label": "default\nnodecolor\ngroupcolor\nlinkcolor",
                        "name": "default2"
                     }
                  },
                  {
                     "GraphVertex": {
                        "_noedges": true,
                        "name": "currentShape"
                     }
                  }
               ],
               "equal": [],
               "exitvertex": 2,
               "isInnerGraph": false,
               "label": "GraphRoot:GraphObject",
               "name": "GraphRoot"
            }
         },
         {
            "GraphGroup": {
               "_OBJECTS": [
                  {
                     "GraphVertex": {
                        "_noedges": true,
                        "name": "left"
                     }
                  },
                  {
                     "GraphVertex": {
                        "_noedges": true,
                        "name": "linkType"
                     }
                  },
                  {
                     "GraphVertex": {
                        "_noedges": true,
                        "name": "right"
                     }
                  }
               ],
               "_ROOTVERTICES": [
                  {
                     "GraphVertex": {
                        "_noedges": true,
                        "name": "left"
                     }
                  },
                  {
                     "GraphVertex": {
                        "_noedges": true,
                        "name": "linkType"
                     }
                  },
                  {
                     "GraphVertex": {
                        "_noedges": true,
                        "name": "right"
                     }
                  }
               ],
               "equal": [],
               "exitvertex": 5,
               "isInnerGraph": false,
               "label": "Link:GraphObject",
               "name": "Link"
            }
         }
      ],
      "_ROOTVERTICES": [
         {
            "GraphGroup": {
               "_OBJECTS": [
                  {
                     "GraphReference": {
                        "name": "color"
                     }
                  },
                  {
                     "GraphVertex": {
                        "_noedges": true,
                        "label": "shape",
                        "name": "xShape"
                     }
                  },
                  {
                     "GraphVertex": {
                        "_noedges": true,
                        "name": "image"
                     }
                  },
                  {
                     "GraphVertex": {
                        "_noedges": true,
                        "name": "style"
                     }
                  }
               ],
               "_ROOTVERTICES": [
                  {
                     "GraphReference": {
                        "name": "color"
                     }
                  },
                  {
                     "GraphVertex": {
                        "_noedges": true,
                        "label": "shape",
                        "name": "xShape"
                     }
                  },
                  {
                     "GraphVertex": {
                        "_noedges": true,
                        "name": "image"
                     }
                  },
                  {
                     "GraphVertex": {
                        "_noedges": true,
                        "name": "style"
                     }
                  }
               ],
               "equal": [],
               "exitvertex": 4,
               "isInnerGraph": false,
               "label": "Node:GraphObject",
               "name": "GNode"
            }
         },
         {
            "GraphGroup": {
               "_OBJECTS": [
                  {
                     "GraphReference": {
                        "name": "name"
                     }
                  },
                  {
                     "GraphVertex": {
                        "_noedges": true,
                        "label": "OBJECTS",
                        "name": "OBJECTS2",
                        "shape": "database"
                     }
                  },
                  {
                     "GraphVertex": {
                        "_noedges": true,
                        "label": "equal",
                        "name": "equal2"
                     }
                  }
               ],
               "_ROOTVERTICES": [
                  {
                     "GraphReference": {
                        "name": "name"
                     }
                  },
                  {
                     "GraphVertex": {
                        "_noedges": true,
                        "label": "OBJECTS",
                        "name": "OBJECTS2",
                        "shape": "database"
                     }
                  },
                  {
                     "GraphVertex": {
                        "_noedges": true,
                        "label": "equal",
                        "name": "equal2"
                     }
                  }
               ],
               "equal": [],
               "exitvertex": 3,
               "isInnerGraph": false,
               "label": "Group:GraphObject",
               "name": "xGroup"
            }
         },
         {
            "GraphGroup": {
               "_OBJECTS": [
                  {
                     "GraphVertex": {
                        "_noedges": true,
                        "color": "#ccccff",
                        "label": "label\nspecial syntax with :: for links\n(label::xlabel)",
                        "name": "label",
                        "textcolor": "#ff0000"
                     }
                  },
                  {
                     "GraphVertex": {
                        "_noedges": true,
                        "color": "#ccccff",
                        "name": "color"
                     }
                  },
                  {
                     "GraphVertex": {
                        "_noedges": true,
                        "color": "#ccccff",
                        "name": "name"
                     }
                  },
                  {
                     "GraphVertex": {
                        "_noedges": true,
                        "color": "#ccccff",
                        "name": "textColor"
                     }
                  }
               ],
               "_ROOTVERTICES": [
                  {
                     "GraphVertex": {
                        "_noedges": true,
                        "color": "#ccccff",
                        "label": "label\nspecial syntax with :: for links\n(label::xlabel)",
                        "name": "label",
                        "textcolor": "#ff0000"
                     }
                  },
                  {
                     "GraphVertex": {
                        "_noedges": true,
                        "color": "#ccccff",
                        "name": "color"
                     }
                  },
                  {
                     "GraphVertex": {
                        "_noedges": true,
                        "color": "#ccccff",
                        "name": "name"
                     }
                  },
                  {
                     "GraphVertex": {
                        "_noedges": true,
                        "color": "#ccccff",
                        "name": "textColor"
                     }
                  }
               ],
               "equal": [],
               "exitvertex": 1,
               "isInnerGraph": false,
               "label": "GraphObject",
               "name": "GraphObject"
            }
         },
         {
            "GraphGroup": {
               "_OBJECTS": [
                  {
                     "GraphVertex": {
                        "_noedges": true,
                        "color": "#ccffcc",
                        "label": "equal",
                        "name": "xEqual"
                     }
                  },
                  {
                     "GraphVertex": {
                        "_noedges": true,
                        "color": "#ccffcc",
                        "label": "generator",
                        "name": "xGenerator"
                     }
                  },
                  {
                     "GraphVertex": {
                        "_noedges": true,
                        "color": "#ccffcc",
                        "label": "start",
                        "name": "xStart"
                     }
                  },
                  {
                     "GraphVertex": {
                        "_noedges": true,
                        "color": "#ccffcc",
                        "label": "visualizer",
                        "name": "xVisualizer"
                     }
                  },
                  {
                     "GraphVertex": {
                        "_noedges": true,
                        "color": "#ccffcc",
                        "name": "direction"
                     }
                  },
                  {
                     "GraphVertex": {
                        "_noedges": true,
                        "label": "OBJECTS",
                        "name": "OBJECTS1",
                        "shape": "database"
                     }
                  },
                  {
                     "GraphVertex": {
                        "_noedges": true,
                        "label": "default\nnodecolor\ngroupcolor\nlinkcolor",
                        "name": "default2"
                     }
                  },
                  {
                     "GraphVertex": {
                        "_noedges": true,
                        "name": "currentShape"
                     }
                  }
               ],
               "_ROOTVERTICES": [
                  {
                     "GraphVertex": {
                        "_noedges": true,
                        "color": "#ccffcc",
                        "label": "equal",
                        "name": "xEqual"
                     }
                  },
                  {
                     "GraphVertex": {
                        "_noedges": true,
                        "color": "#ccffcc",
                        "label": "generator",
                        "name": "xGenerator"
                     }
                  },
                  {
                     "GraphVertex": {
                        "_noedges": true,
                        "color": "#ccffcc",
                        "label": "start",
                        "name": "xStart"
                     }
                  },
                  {
                     "GraphVertex": {
                        "_noedges": true,
                        "color": "#ccffcc",
                        "label": "visualizer",
                        "name": "xVisualizer"
                     }
                  },
                  {
                     "GraphVertex": {
                        "_noedges": true,
                        "color": "#ccffcc",
                        "name": "direction"
                     }
                  },
                  {
                     "GraphVertex": {
                        "_noedges": true,
                        "label": "OBJECTS",
                        "name": "OBJECTS1",
                        "shape": "database"
                     }
                  },
                  {
                     "GraphVertex": {
                        "_noedges": true,
                        "label": "default\nnodecolor\ngroupcolor\nlinkcolor",
                        "name": "default2"
                     }
                  },
                  {
                     "GraphVertex": {
                        "_noedges": true,
                        "name": "currentShape"
                     }
                  }
               ],
               "equal": [],
               "exitvertex": 2,
               "isInnerGraph": false,
               "label": "GraphRoot:GraphObject",
               "name": "GraphRoot"
            }
         },
         {
            "GraphGroup": {
               "_OBJECTS": [
                  {
                     "GraphVertex": {
                        "_noedges": true,
                        "name": "left"
                     }
                  },
                  {
                     "GraphVertex": {
                        "_noedges": true,
                        "name": "linkType"
                     }
                  },
                  {
                     "GraphVertex": {
                        "_noedges": true,
                        "name": "right"
                     }
                  }
               ],
               "_ROOTVERTICES": [
                  {
                     "GraphVertex": {
                        "_noedges": true,
                        "name": "left"
                     }
                  },
                  {
                     "GraphVertex": {
                        "_noedges": true,
                        "name": "linkType"
                     }
                  },
                  {
                     "GraphVertex": {
                        "_noedges": true,
                        "name": "right"
                     }
                  }
               ],
               "equal": [],
               "exitvertex": 5,
               "isInnerGraph": false,
               "label": "Link:GraphObject",
               "name": "Link"
            }
         }
      ],
      "direction": "portrait",
      "edgecolor": "#ff0000",
      "equal": [],
      "generator": "ast",
      "lastSeenVertex": {
         "GraphGroup": {
            "_OBJECTS": [
               {
                  "GraphReference": {
                     "name": "name"
                  }
               },
               {
                  "GraphVertex": {
                     "_noedges": true,
                     "label": "OBJECTS",
                     "name": "OBJECTS2",
                     "shape": "database"
                  }
               },
               {
                  "GraphVertex": {
                     "_noedges": true,
                     "label": "equal",
                     "name": "equal2"
                  }
               }
            ],
            "_ROOTVERTICES": [
               {
                  "GraphReference": {
                     "name": "name"
                  }
               },
               {
                  "GraphVertex": {
                     "_noedges": true,
                     "label": "OBJECTS",
                     "name": "OBJECTS2",
                     "shape": "database"
                  }
               },
               {
                  "GraphVertex": {
                     "_noedges": true,
                     "label": "equal",
                     "name": "equal2"
                  }
               }
            ],
            "equal": [],
            "exitvertex": 3,
            "isInnerGraph": false,
            "label": "Group:GraphObject",
            "name": "xGroup"
         }
      },
      "visualizer": "ast"
   }
}
