actdiag {
    default_fontsize = 14
    orientation=landscape
    lane "z"{
        x [ shape=box ];
    }
    lane "a"{
        b [ shape=box ];
    }
    lane "c"{
        d [ shape=box ];
    }
    z -> a [ label="edge1" ];
    z -> c [ label="edge1" ];
}
