actdiag {
    default_fontsize = 14
        a[shape=box];
        b[color="#ff0000" ,shape=box];
        c[shape=box ,label="b is red"];
        d[color="#00ff00" ,shape=box ,label="Green"];
        e[shape=box];
        f[shape=box];
        g[shape=box];
        h[shape=box];
        i[color="#ffff00" ,shape=box];
        j[shape=box];
        k[shape=box];
        l[shape=box];
        za[shape=box];
        zb[color="#ff0000" ,shape=box];
        zc[shape=box ,label="zb red"];
        zd[color="#00ff00" ,shape=box ,label="this is greeen"];
        ze[shape=box];
        zg[shape=box];
        zi[color="#ffff00" ,shape=box];
        zk[shape=box];
      e -> f;
      g -> h[color="#ff00ff"];
      i -> j;
      k -> l[label = "moro"];
      ze -> f[color="#772222"];
      zg -> h[color="#ff00ff"];
      zi -> j[color="#aaaaaa"];
      zk -> l[label = "moro"  ,color="#f0f0f0"];
    }
