actdiag {
    default_fontsize = 14
        node1[shape=box];
        node2[shape=box];
      node1 -> node2[style="dashed"];
    }
