/* render: plantuml_sequence */
@startuml
autonumber
    participant  x 
    participant  y 
    participant  q 
    participant  w 
    participant  User 
    x->y
    w->q
    participant  A 
    participant  B 
    participant  C 
    User->A:DoWork
    activate A
        A->B:createRequesr
        activate B
            B->C:DoWork
            activate C
                C->B:WorkDone
            deactivate C
            B->A:RequestCreated
        deactivate B
        A->User:Done
    deactivate A
@enduml
