@startuml
autonumber
    participant "tamakin" as q 
    participant "on" as w 
    participant  outside 
    participant  end 
    q->w
    alt something would happend
    participant  a1 
    participant  b1 
    a1->b1
    else something probably would not happen
    participant  a2 
    participant  b2 
    a2->b2
    else or if i see a flying bird
    participant  a3 
    participant  b3 
    a3->b3
    else else
    participant  a4 
    participant  b4 
    a4->b4
    end endif
    outside->end
@enduml
