nwdiag {
    default_fontsize = 16
    inet -- cablemodem;
    inet[ shape="cloud" ];
    network comcast {
        address="73.0.0.0/8"
        cablemodem[ shape="box" ];
        router[ address="73.63.53.43", shape="box" ];
    }
    network home {
        address="192.168.1.0/24"
        router;
        router[ address="192.168.1.1", shape="box" ];
        printer[ address="192.168.1.2", shape="box" ];
        nas[ address="192.168.1.3", shape="box" ];
    }
}
