nwdiag{
    default_fontsize = 16
    network dmz {
        address="y"
        web01[shape="box"];
        web02[shape="box"];
          web01;
          web02;
    }
    network internal {
        address="x"
        db01[shape="box"];
          web01;
          web02;
    }
}
