nwdiag {
    default_fontsize = 16
    inet -- router;
    inet[ shape="cloud" ];
    network empty {
        address="x"
        router[ shape="box" ];
        web01[ shape="box" ];
        web02[ shape="box" ];
    }
}
