[[{"key":1,"name":"GraphObject","properties":[{"name":"label","visibility":"public","type":"string"},{"name":"name","visibility":"public","type":"string"},{"name":"color","visibility":"public","type":"string"},{"name":"textcolor","visibility":"public","type":"string"},{"name":"url","visibility":"public","type":"string"}],"methods":[]},{"key":2,"name":"GraphConnectable","properties":[{"name":"noedges","visibility":"public","type":"boolean"},{"name":"edgelabel","visibility":"public","type":"string"}],"methods":[{"name":"getEdgeLabel()","visibility":"public","type":"string"},{"name":"setEdgeLabel(edgeLabel:string)","visibility":"public"}]},{"key":3,"name":"GraphContainer","properties":[{"name":"OBJECTS","visibility":"public","type":"List<GraphConnectable>"},{"name":"ROOTVERTICES","visibility":"public","type":"List<GraphConnectable>"},{"name":"equal","visibility":"public","type":"List<GraphConnectable>"}],"methods":[{"name":"getEqual()","visibility":"public","type":"List<GraphConnectable>"},{"name":"setEqual(List<GraphConnectable>)","visibility":"public"}]},{"key":4,"name":"GraphGroup","properties":[{"name":"exitvertex","visibility":"public","type":"string"},{"name":"entryedge","visibility":"public","type":"string"},{"name":"entrance","visibility":"public","type":"GraphConnectable|GraphConnectable[]"}],"methods":[{"name":"setDefault(key:string, value:string)","visibility":"public"},{"name":"getDefault(key:string)","visibility":"public","type":"string"}]},{"key":5,"name":"GraphInner","properties":[{"name":"isInnerGraph","visibility":"public","type":"boolean","default":"true"},{"name":"exit","visibility":"public","type":"GraphConnectable"}],"methods":[{"name":"getEntrance()","visibility":"public","type":"GraphConnectable|List<GraphConnectable>"},{"name":"setEntrance(GraphConnectable|List<GraphConnectable>)","visibility":"public"}]},{"key":6,"name":"GraphEdge","properties":[{"name":"edgeType","visibility":"public","type":"string"},{"name":"left","visibility":"public","type":"GraphConnectable"},{"name":"rigth","visibility":"public","type":"GraphConnectable"},{"name":"lcompass","visibility":"public","type":"string"},{"name":"rcompass","visibility":"public","type":"string"},{"name":"edgetextcolor","visibility":"public","type":"string"},{"name":"edgecolor","visibility":"public","type":"string"},{"name":"container","visibility":"public","type":"GraphConnectable"}],"methods":[{"name":"isDotted()","visibility":"public"},{"name":"isDashed()","visibility":"public"},{"name":"isBroken()","visibility":"public"},{"name":"isBidirectional()","visibility":"public"},{"name":"isUndirected()","visibility":"public"},{"name":"isLeftPointingEdge()","visibility":"public"},{"name":"isRightPointingEdge()","visibility":"public"}]},{"key":7,"name":"GraphVertex","properties":[{"name":"shape","visibility":"public","type":"string"},{"name":"image","visibility":"public","type":"string"},{"name":"style","visibility":"public","type":"string"}],"methods":[{"name":"setStyle()","visibility":"public"},{"name":"setShape()","visibility":"public"},{"name":"setImage()","visibility":"public"}]},{"key":8,"name":"GraphCanvas","properties":[{"name":"EDGES","visibility":"public","type":"List<GraphEdge>"},{"name":"generator","visibility":"public","type":"string"},{"name":"visualizer","visibility":"public","type":"string"},{"name":"shape","visibility":"public","type":"string"},{"name":"direction","visibility":"public","type":"string"},{"name":"start","visibility":"public","type":"string"}],"methods":[{"name":"parseError(str:string,hash:string)","visibility":"public"},{"name":"result(data:string)","visibility":"public"}]}],[{"from":5,"to":4,"relationship":"generalization"},{"from":4,"to":3,"relationship":"generalization"},{"from":3,"to":2,"relationship":"generalization"},{"from":2,"to":1,"relationship":"generalization"},{"from":8,"to":3,"relationship":"generalization"},{"from":7,"to":2,"relationship":"generalization"},{"from":6,"to":1,"relationship":"generalization"}]]
