[[{"key":1,"name":"Person","properties":[{"name":"name","visibility":"public","type":"String"},{"name":"birth","visibility":"protected","type":"Date"}],"methods":[{"name":"getCurrentAge()","visibility":"public","type":" int"}]},{"key":2,"name":"Student","properties":[{"name":"classes","visibility":"","type":"_List<Class>"}],"methods":[{"name":"attend(class: Course)","visibility":"private"},{"name":"sleep()","visibility":"private"}]},{"key":3,"name":"Course","properties":[{"name":"description","visibility":"public","type":"String"},{"name":"professor","visibility":"public","type":" Professor"},{"name":"location","visibility":"public","type":"String"},{"name":"times","visibility":"public","type":"List<Time>"},{"name":"prerequisites","visibility":"public","type":"List<Course>"},{"name":"students","visibility":"public","type":"List<Student>"}],"methods":[]},{"key":4,"name":"Professor","properties":[{"name":"classes","visibility":"public","type":" List<Class>"}],"methods":[{"name":"teach(class: Course)","visibility":"private"}]},{"key":5,"name":"BankAccount","properties":[{"name":"owner","visibility":"public","type":"String"},{"name":"balance","visibility":"public","type":"Currency","default":"0"}],"methods":[{"name":"deposit(amount: Currency)","visibility":"public"},{"name":"withdraw(amount: Currency)","visibility":"public"}]}],[{"from":2,"to":1,"relationship":"generalization"},{"from":4,"to":1,"relationship":"generalization"},{"from":3,"to":4,"relationship":"aggregation"}]]
