digraph {
    compound=true;
    rankdir=TD;
    a;
    b1;
    b2;
    b3;
    b4;
    b5;
    b6;
    b7;
    b8;
    b9;
    b10;
    b11;
    b12;
    b13;
    //links start
    a->b1[ label="cont/big/a>b1" ];
    b1->a[ label="cont/big/b1>a" ];
    a->b1[ dir=both, label="cont/dual/big" ];
    a->b2[ dir=none, label="dash/-", style="dashed" ];
    a->b3[ label="dotted/big", style="dotted" ];
    b3->a[ label="dotted/big", style="dotted" ];
    a->b3[ dir=both, label="dotted/big", style="dotted" ];
    a->b4[ label="dashed/dual/big", style="dashed" ];
    b4->a[ label="dashed/dual/big", style="dashed" ];
    a->b5[ dir=both, label="dashed/dual/big", style="dashed" ];
    a->b5[ label="dotted/big/dual", style="dotted" ];
    b5->a[ label="dotted/big/dual", style="dotted" ];
    a->b5[ dir=both, label="dotted/big/dual", style="dotted" ];
    a->b6[ dir=none, label="dashed/-", style="dashed" ];
    a->b7[ dir=none, label="dotted/-", style="dotted" ];
    b8->a[ arrowhead="tee", label="broken" ];
    a->b8[ arrowhead="tee", label="broken" ];
    a->b9[ label="unknown", peripheries=2 ];
    b9->a[ label="unknown", peripheries=2 ];
    a->b9[ dir=both, label="unknown", peripheries=2 ];
    a->b10[ label="unknown" ];
    b10->a[ label="unknown" ];
    a->b10[ dir=both, label="unknown" ];
    a->b11[ label="unknown", style="dashed" ];
    b11->a[ label="unknown", style="dashed" ];
    a->b11[ dir=both, label="unknown", style="dashed" ];
    a->b12[ label="unknown", style="dotted" ];
    b12->a[ label="unknown", style="dotted" ];
    a->b12[ dir=both, label="unknown", style="dotted" ];
    a->b13[ label="unknown", peripheries=2 ];
    b13->a[ label="unknown", peripheries=2 ];
    a->b13[ dir=both, label="unknown", peripheries=2 ];
}
