digraph {
    compound=true;
    rankdir=LR;
    subgraph cluster_GraphObject {
        label="GraphObject";
        name[ fillcolor="#ccccff", style="filled" ];
        color[ fillcolor="#ccccff", style="filled" ];
        textColor[ fillcolor="#ccccff", style="filled" ];
        label[ fillcolor="#ccccff", fontcolor="#ff0000", label="label\nspecial syntax with :: for links\n(label::xlabel)", style="filled" ];
    }//end of GraphObject undefined
    subgraph cluster_GraphRoot {
        label="GraphRoot:GraphObject";
        OBJECTS1[ label="OBJECTS", shape="Mcircle" ];
        xGenerator[ fillcolor="#ccffcc", label="generator", style="filled" ];
        xVisualizer[ fillcolor="#ccffcc", label="visualizer", style="filled" ];
        direction[ fillcolor="#ccffcc", style="filled" ];
        xStart[ fillcolor="#ccffcc", label="start", style="filled" ];
        xEqual[ fillcolor="#ccffcc", label="equal", style="filled" ];
        currentShape;
        default2[ label="default\nnodecolor\ngroupcolor\nlinkcolor" ];
    }//end of GraphRoot undefined
    subgraph cluster_xGroup {
        label="Group:GraphObject";
        equal2[ label="equal" ];
        OBJECTS2[ label="OBJECTS", shape="Mcircle" ];
    }//end of xGroup undefined
    subgraph cluster_GNode {
        label="Node:GraphObject";
        xShape[ label="shape" ];
        image;
        style;
    }//end of GNode undefined
    subgraph cluster_Link {
        label="Link:GraphObject";
        linkType;
        left;
        right;
    }//end of Link undefined
    //links start
    name->OBJECTS1[  lhead=cluster_GraphRoot,  ltail=cluster_GraphObject, color="#0000ff", fontcolor="#0000ff", label="extends(GraphObject->GraphRoot)", style="dotted" ];
    name->xShape[  lhead=cluster_GNode,  ltail=cluster_GraphObject, color="#0000ff", fontcolor="#0000ff", label="extends(GraphObject->GNode)", style="dotted" ];
    name->equal2[  lhead=cluster_xGroup,  ltail=cluster_GraphObject, color="#0000ff", fontcolor="#0000ff", label="extends(GraphObject->xGroup)", style="dotted" ];
    name->linkType[  lhead=cluster_Link,  ltail=cluster_GraphObject, color="#0000ff", fontcolor="#0000ff", label="extends", style="dotted", xlabel="extends(GraphObject->Link)" ];
    left->xShape[  lhead=cluster_GNode, color="#00ff00", dir=both, fontcolor="#00ff00", label="links", style="dashed" ];
    left->equal2[  lhead=cluster_xGroup, color="#00ff00", dir=both, fontcolor="#00ff00", label="links", style="dashed" ];
    right->equal2[  lhead=cluster_xGroup, color="#00ff00", dir=both, fontcolor="#00ff00", label="links", style="dashed" ];
    right->xShape[  lhead=cluster_GNode, color="#00ff00", dir=both, fontcolor="#00ff00", label="links", style="dashed" ];
    OBJECTS1->xShape[  lhead=cluster_GNode, color="#ff0000", fontcolor="#ff0000", label="contains" ];
    OBJECTS1->equal2[  lhead=cluster_xGroup, color="#ff0000", fontcolor="#ff0000", label="contains" ];
    OBJECTS2->xShape[  lhead=cluster_GNode, color="#ff0000", fontcolor="#ff0000", label="contains" ];
    OBJECTS2->equal2[  lhead=cluster_xGroup, color="#ff0000", fontcolor="#ff0000", label="contains" ];
}
