digraph {
    compound=true;
    rankdir=TD;
    q1[ fillcolor="#ffff00", style="filled" ];
    z1[ fillcolor="#0000ff", style="filled" ];
    z2[ fillcolor="#555555", style="filled" ];
    z3;
    z4;
    q2[ fillcolor="#00ffff", style="filled" ];
    w1[ fillcolor="#ff0000", style="filled" ];
    w2[ fillcolor="#00ff00", style="filled" ];
    w3;
    w4;
    a;
    b;
    c;
    d;
    e;
    f;
    g;
    h;
    //links start
    q1->z1[ color="#3333ff", fontcolor="#3333ff", label="Multiple RHS lists" ];
    q1->z2[ color="#3333ff", fontcolor="#3333ff", label="Multiple RHS lists" ];
    q1->z3[ color="#3333ff", fontcolor="#3333ff", label="Multiple RHS lists" ];
    q1->z4[ color="#3333ff", fontcolor="#3333ff", label="Multiple RHS lists" ];
    q2->w1[ color="#999999", fontcolor="#999999" ];
    q2->w2[ color="#999999", fontcolor="#999999" ];
    q2->w3[ color="#999999", fontcolor="#999999" ];
    q2->w4[ color="#999999", fontcolor="#999999" ];
    a->e;
    a->f;
    a->g;
    a->h;
    b->e;
    b->f;
    b->g;
    b->h;
    c->e;
    c->f;
    c->g;
    c->h;
    d->e;
    d->f;
    d->g;
    d->h;
}
