digraph {
    compound=true;
    rankdir=TD;
    a1[ label="<f0> foo | x | <f1> bar", shape="record" ];
    b1[ label="a | { <f0> foo | x | <f1> bar } | b", shape="record" ];
    a2[ label="<f0> foo | x | <f1> bar", shape="record" ];
    b2[ label="a | { <f0> foo | x | <f1> bar } | b", shape="record" ];
    a2:f0[ shape="record" ];
    b2:f1
[ shape="record" ];
    //links start
    a1->b1;
    a2:f0->b2:f1
;
}
