digraph {
    compound=true;
    rankdir=TD;
    LR_0[ fontcolor="#00aa00", shape="doublecircle" ];
    //startnode setup
    {rank = same;null} {rank = same; LR_0}
        null [shape=plaintext, label=""];
        LR_0[shape=doublecircle];
        null->LR_0;

    LR_0[ fontcolor="#00aa00", shape="doublecircle" ];
    LR_3[ fontcolor="#00aa00", shape="doublecircle" ];
    LR_4[ fontcolor="#00aa00", shape="doublecircle" ];
    LR_8[ fontcolor="#00aa00", shape="doublecircle" ];
    LR_2[ fontcolor="#00aa00", shape="circle" ];
    LR_1[ fontcolor="#00aa00", shape="circle" ];
    LR_6[ fontcolor="#00aa00", shape="circle" ];
    LR_5[ fontcolor="#00aa00", shape="circle" ];
    LR_7[ fontcolor="#00aa00", shape="circle" ];
    //links start
    LR_0->LR_2[ color="#555599", fontcolor="#ff0000", label="SS(B)" ];
    LR_0->LR_1[ color="#555599", fontcolor="#ff0000", label="SS(S)" ];
    LR_1->LR_3[ color="#555599", fontcolor="#ff0000", label="S($end)" ];
    LR_2->LR_6[ color="#555599", fontcolor="#ff0000", label="SS(b)" ];
    LR_2->LR_5[ color="#555599", fontcolor="#ff0000", label="SS(a)" ];
    LR_2->LR_4[ color="#555599", fontcolor="#ff0000", label="S(A)" ];
    LR_5->LR_7[ color="#555599", fontcolor="#ff0000", label="S(b)" ];
    LR_5->LR_5[ color="#555599", fontcolor="#ff0000", label="S(a)" ];
    LR_6->LR_6[ color="#555599", fontcolor="#ff0000", label="S(b)" ];
    LR_6->LR_5[ color="#555599", fontcolor="#ff0000", label="S(a)" ];
    LR_7->LR_8[ color="#555599", fontcolor="#ff0000", label="S(b)" ];
    LR_7->LR_5[ color="#555599", fontcolor="#ff0000", label="S(a)" ];
    LR_8->LR_6[ color="#555599", fontcolor="#ff0000", label="S(b)" ];
    LR_8->LR_5[ color="#555599", fontcolor="#ff0000", label="S(a)" ];
}
