/* render:digraph*/
digraph {
    compound=true;
    rankdir=TD;
    xstart[shape="diamond",label="start"];
    end[shape="square"];
    subgraph cluster_1 {
            label="process222"; 
        a0[style="rounded",shape="ellipse"];
        a1[shape="ellipse"];
        a2[shape="ellipse"];
        a3[style="solid",shape="ellipse"];
    }//end of 1 undefined
    subgraph cluster_2 {
            label="process 2"; 
        b0[shape="ellipse"];
        b1[shape="ellipse"];
        b2[style="dashed",shape="ellipse"];
        b3[style="invis",shape="ellipse"];
    }//end of 2 undefined
    //links start
    a0->a1[style="dotted"];
    a1->a2[style="dashed"];
    a2->a3[dir=both];
    b0->b1[color="#ff0000",fontcolor="#ff0000"];
    b1->b2;
    b2->b3[label="b2 b3 link",color="#00ff00",fontcolor="#ff0000"];
    xstart->a0;
    a0->b0;
    a1->b3[label="a1 b2 link comment"];
    b2->a3;
    a3->a0;
    a3->end;
    b3->end;
}
